: ***************************** Module Header ******************************\
:
: Module Name: nepmd.lst
:
: List file for the WarpIn package, defining packages and files to
: be packed into the WPI file.
:
: Requires mkwpi.cmd
:
: Copyright (c) Netlabs EPM Distribution Project 2002
:
: $Id: nepmd.lst,v 1.3 2002-07-23 11:40:09 cla Exp $
:
: ===========================================================================
:
: This file is part of the Netlabs EPM Distribution package and is free
: software.  You can redistribute it and/or modify it under the terms of the
: GNU General Public License as published by the Free Software
: Foundation, in version 2 as it comes in the "COPYING" file of the
: Netlabs EPM Distribution.  This library is distributed in the hope that it
: will be useful, but WITHOUT ANY WARRANTY; without even the implied warranty
: of MERCHANTABILITY or FITNESS FOR A PARTICULAR PURPOSE.  See the GNU
: General Public License for more details.
:
: **************************************************************************/

: --- package 1: application with Netlabs distribution extensions

APP              1 %UNZIPPEDDIR%\epmapp   *
DLL              1 %UNZIPPEDDIR%\epmdll   *
HLP              1 %UNZIPPEDDIR%\epmhlp   *
BK               1 %UNZIPPEDDIR%\epmbk    *
BMP              1 %UNZIPPEDDIR%\epmbmps  *
NEPMD_INSTALL    1 %CMPDIR_NAME%          netlabs\install\*
NEPMD_BOOK       1 %CMPDIR_NAME%          netlabs\book\*
NEPMD_EX         1 %CMPDIR_NAME%          netlabs\ex\*

: --- package 2: macros

MACROS           2 %UNZIPPEDDIR%\epmmac    *
MACROS2          2 %UNZIPPEDDIR%\epmmac2   *
MACROSAMPLES     2 %UNZIPPEDDIR%\epmsmp    *
EBOOKE           2 %UNZIPPEDDIR%\ebooke    *
MYASSIST         2 %UNZIPPEDDIR%\epmasi    *
VMEXEC           2 %UNZIPPEDDIR%\lampdq    *
NEPMD_RECOMP     2 %BINDIR_NAME%           netlabs\bin\*
NEPMD_MACROS     2 %CMPDIR_NAME%           netlabs\macros\*

: --- package 3: Programming Samples

DDESAMPLE        3 %UNZIPPEDDIR%\epmdde    *
REXXSAMPLE       3 %UNZIPPEDDIR%\epmrex    *
CSAMPLE          3 %UNZIPPEDDIR%\epmcsamp  *
ATTR             3 %UNZIPPEDDIR%\epmatr    *

: --- package 4: Speech Support

SPEECH           4 %UNZIPPEDDIR%\epmspch   *

